a: (0,0)
a: (-4,4) (0,0)
a: (-4,4) (0,0) (4,-4)
a: (-6,6) (-4,4) (0,0) (4,-4)
a: (-6,6) (-4,4) (-2,2) (0,0) (4,-4)
a: (-6,6) (-4,4) (-2,2) (0,0) (2,-2) (4,-4)
a: (-6,6) (-4,4) (-2,2) (0,0) (2,-2) (4,-4) (6,-6)
a: (-6,6) (-4,4) (-2,2) (0,0) (1,-1) (2,-2) (4,-4) (6,-6)
a: (-6,6) (-4,4) (-2,2) (0,0) (1,-1) (2,-2) (4,-4) (5,-5) (6,-6)
a: (-6,6) (-4,4) (-2,2) (0,0) (1,-1) (2,-2) (4,-4) (5,-5) (6,-6) (7,-7)
a: (-6,6) (-4,4) (-2,2) (0,0) (1,-1) (2,-2) (4,-4) (5,-5) (6,-6)
a: (-6,6) (-4,4) (-2,2) (0,0) (1,-1) (2,-2) (5,-5) (6,-6)
a: (-6,6) (-4,4) (-2,2) (0,0) (2,-2) (5,-5) (6,-6)
a: (-6,6) (-4,4) (-2,2) (0,0) (2,-2) (5,-5)
a: (-6,6) (-4,4) (-2,2) (2,-2) (5,-5)
a: (-6,6) (-4,4) (-2,2) (2,-2) (5,-5)
b: (-6,6) (-4,4) (-2,2) (2,-2) (5,-5)
a: (-6,6) (-4,4) (-2,2) (2,-2) (5,-5)
b:
a: (-6,6) (-2,2) (2,-2) (5,-5)
b:
a: (-2,2) (2,-2) (5,-5)
b:
a: (-2,2) (5,-5)
b:
a:
b:
