m1:
m1:
m2:
1
m1:
m2:
m1: (1,2) (3,4) (5,6) (7,8)
m2:
m1: (1,2) (3,4) (5,6) (7,8)
m2: (1,2) (3,4) (5,6) (7,8)
4
m1: (1,2) (3,4) (5,6) (7,8)
m2: (1,2) (3,4) (5,6) (7,8)
m1: (1,2) (3,4) (7,8)
m2: (1,2) (3,4) (5,6) (7,8)
m1: (1,2) (3,4) (7,8)
m2: (1,2) (3,4) (7,8)
m1: (1,2) (3,4) (7,8)
m2: (1,2) (3,4) (7,8)
m3: (1,2) (3,4) (7,8)
3
m1: (1,2) (3,4) (7,8)
m2: (1,2) (3,4) (7,8)
m3: (1,2) (3,4) (7,8)
m1:
m2: (1,2) (3,4) (7,8)
m3: (1,2) (3,4) (7,8)
m1:
m2:
m3: (1,2) (3,4) (7,8)
1
m1:
m2:
m3: (1,2) (3,4) (7,8)
