a:
a: (1,2) (3,4) (5,6) (7,8)
a: (1,2) (3,4) (5,6) (7,8)
b: (1,2) (3,4) (5,6) (7,8)
a: (1,2) (3,4) (5,6) (7,8)
b:
a:
b:
a:
b:
c:
a:
b:
c: (1,2) (3,4) (5,6) (7,8)
a:
b: (1,2) (3,4) (5,6) (7,8)
c: (1,2) (3,4) (5,6) (7,8)
a:
b: (1,2) (3,4) (5,6) (7,8)
c: (1,2) (3,4) (5,6) (7,8)
a:
b:
c: (1,2) (3,4) (5,6) (7,8)
a:
b:
c: (1,2) (5,6) (7,8)
a:
b: (1,2) (5,6) (7,8)
c: (1,2) (5,6) (7,8)
a:
b: (5,6) (7,8)
c: (1,2) (5,6) (7,8)
a:
b: (5,6) (7,8)
c: (1,2) (5,6) (7,8)
a:
b: (5,6)
c: (1,2) (5,6) (7,8)
a:
b:
c: (1,2) (5,6) (7,8)
a:
b:
c:
