m: (1,2) (3,4) (5,6) (7,8)
m: (3,4) (5,6) (7,8)
m: (3,4) (5,6)
m: (3,4) (5,6)
2
m: (3,4) (5,6)
m: (2,-100) (3,4) (5,6)
m: (3,4) (5,6)
m:
1
m:
