0
a: (0,0)
0
a: (-10,0) (0,0)
0
a: (-20,0) (-10,0) (0,0)
0
a: (-20,0) (-19,0) (-10,0) (0,0)
0
a: (-20,0) (-19,0) (-18,0) (-10,0) (0,0)
0
a: (-20,0) (-19,0) (-18,0) (-17,0) (-10,0) (0,0)
0
a: (-20,0) (-19,0) (-18,0) (-17,0) (-16,0) (-10,0) (0,0)
0
a: (-20,0) (-19,0) (-18,0) (-17,0) (-16,0) (-10,0) (-9,0) (0,0)
0
a: (-20,0) (-19,0) (-18,0) (-17,0) (-16,0) (-10,0) (-9,0) (-8,0) (0,0)
0
a: (-20,0) (-19,0) (-18,0) (-17,0) (-16,0) (-10,0) (-9,0) (-8,0) (-7,0) (0,0)
a: (-19,0) (-18,0) (-17,0) (-16,0) (-10,0) (-9,0) (-8,0) (-7,0) (0,0)
a: (-18,0) (-17,0) (-16,0) (-10,0) (-9,0) (-8,0) (-7,0) (0,0)
a: (-17,0) (-16,0) (-10,0) (-9,0) (-8,0) (-7,0) (0,0)
a: (-16,0) (-10,0) (-9,0) (-8,0) (-7,0) (0,0)
a: (-16,0) (-9,0) (-8,0) (-7,0) (0,0)
a: (-9,0) (-8,0) (-7,0) (0,0)
a: (-8,0) (-7,0) (0,0)
a: (-7,0) (0,0)
a: (-7,0)
a:
