0
a: (10,0)
0
a: (10,0) (20,0)
0
a: (0,0) (10,0) (20,0)
0
a: (0,0) (10,0) (15,0) (20,0)
0
a: (-5,0) (0,0) (10,0) (15,0) (20,0)
0
a: (-5,0) (0,0) (5,0) (10,0) (15,0) (20,0)
a: (-2147483648,-2147483648) (-5,0) (0,0) (5,0) (10,0) (15,0) (20,0)
a: (-2147483648,-2147483648) (-5,0) (0,0) (5,0) (10,0) (15,0) (20,0) (2147483647,2147483647)
a: (-2147483648,-2147483648) (-5,0) (0,0) (5,0) (15,0) (20,0) (2147483647,2147483647)
Exception
a: (-2147483648,-2147483648) (-5,0) (0,0) (5,0) (15,0) (20,0) (2147483647,2147483647)
a: (-5,0) (0,0) (5,0) (15,0) (20,0) (2147483647,2147483647)
Exception
a: (-5,0) (0,0) (5,0) (15,0) (20,0) (2147483647,2147483647)
a: (-5,0) (0,0) (5,0) (15,0) (20,0)
Exception
a: (-5,0) (0,0) (5,0) (15,0) (20,0)
a: (-5,0) (0,0) (5,0) (20,0)
Exception
a: (-5,0) (0,0) (5,0) (20,0)
a: (-5,0) (0,0) (5,0)
Exception
a: (-5,0) (0,0) (5,0)
a: (-5,0) (0,0)
Exception
a: (-5,0) (0,0)
a: (-5,0)
Exception
a: (-5,0)
a:
Exception
a:
