a:
0
a: (10,0)
a: (10,0) (20,1)
a: (0,-1) (10,0) (20,1)
a: (0,-1) (10,0) (11,2) (20,1)
a: (0,-1) (10,0) (11,2) (20,1) (30,3)
a: (-10,-2) (0,-1) (10,0) (11,2) (20,1) (30,3)
a: (-10,-2) (0,-1) (9,8) (10,0) (11,2) (20,1) (30,3)
a: (-10,-2) (9,8) (10,0) (11,2) (20,1) (30,3)
a: (-10,-2) (10,0) (11,2) (20,1) (30,3)
a: (-10,-2) (10,0) (11,2) (30,3)
-2
a: (-10,-2) (10,0) (11,2) (30,3)
0
a: (-10,-2) (0,0) (10,0) (11,2) (30,3)
0
a: (-10,-2) (0,0) (9,0) (10,0) (11,2) (30,3)
0
a: (-10,-2) (0,0) (9,0) (10,0) (11,2) (30,3)
2
a: (-10,-2) (0,0) (9,0) (10,0) (11,2) (30,3)
Exception
a: (-10,-2) (0,0) (9,0) (10,0) (11,2) (30,3)
3
a: (-10,-2) (0,0) (9,0) (10,0) (11,2) (30,3)
Exception
a: (-10,-2) (0,0) (9,0) (10,0) (11,2) (30,3)
a: (-10,-2) (0,0) (9,0) (10,0) (11,2) (30,3)
b: (-10,-2) (0,0) (9,0) (10,0) (11,2) (30,3)
a: (-10,-2) (0,0) (9,0) (10,0) (11,2) (30,3)
b:
a: (-10,-2) (9,0) (10,0) (11,2) (30,3)
b:
a: (-10,-2) (9,0) (10,0) (30,3)
b:
a: (-10,-2) (10,0) (30,3)
b:
a: (-10,-2) (30,3)
b:
