0
a: (0,0)
0
a: (0,0) (5,0)
0
a: (0,0) (5,0) (9,0)
0
a: (0,0) (5,0) (8,0) (9,0)
0
a: (0,0) (5,0) (7,0) (8,0) (9,0)
0
a: (0,0) (5,0) (6,0) (7,0) (8,0) (9,0)
0
a: (0,0) (4,0) (5,0) (6,0) (7,0) (8,0) (9,0)
0
a: (0,0) (3,0) (4,0) (5,0) (6,0) (7,0) (8,0) (9,0)
0
a: (0,0) (2,0) (3,0) (4,0) (5,0) (6,0) (7,0) (8,0) (9,0)
a: (0,0) (2,0) (3,0) (4,0) (5,0) (6,0) (7,0) (8,0)
a: (0,0) (2,0) (3,0) (4,0) (5,0) (6,0) (7,0)
a: (0,0) (2,0) (3,0) (4,0) (5,0) (6,0)
a: (0,0) (2,0) (3,0) (4,0) (6,0)
a: (0,0) (2,0) (3,0) (4,0)
a: (0,0) (2,0) (3,0)
a: (0,0) (2,0)
a: (2,0)
0
a: (-3,0) (2,0)
0
a: (-3,0) (-2,0) (2,0)
0
a: (-3,0) (-2,0) (-1,0) (2,0)
a: (-2,0) (-1,0) (2,0)
a: (-1,0) (2,0)
a: (-1,0)
a:
a:
