0
a: (10,0)
0
a: (10,0) (20,0)
0
a: (10,0) (11,0) (20,0)
0
a: (10,0) (11,0) (19,0) (20,0)
0
a: (10,0) (11,0) (12,0) (19,0) (20,0)
0
a: (10,0) (11,0) (12,0) (18,0) (19,0) (20,0)
a: (11,0) (12,0) (18,0) (19,0) (20,0)
a: (11,0) (12,0) (18,0) (19,0)
a: (12,0) (18,0) (19,0)
a: (12,0) (18,0)
a: (18,0)
a:
